main.c:77:5:main	48	static
main.c:152:6:SystemClock_Config	72	static
main.c:191:13:MX_USART1_UART_Init	8	static
main.c:224:13:MX_USART2_UART_Init	8	static
main.c:257:13:MX_GPIO_Init	40	static
main.c:304:6:StartUartReceiveProc	8	static
main.c:309:6:StartSecondReceiveProc	8	static
main.c:314:6:ReceiveByteFromUart2	16	static
main.c:322:12:GetRBufferSize	4	static
main.c:327:16:GetRBuffer	16	static
main.c:332:13:SetRBufferIndex	16	static
main.c:341:6:HAL_UART_RxCpltCallback	16	static
main.c:360:6:SendDataToUSB	16	static
main.c:365:6:SendDataToMaster	16	static
main.c:370:6:SecondCommTask	24	static
main.c:404:5:myabs	16	static
main.c:423:6:StartDefaultTask	32	static
main.c:537:6:HAL_TIM_PeriodElapsedCallback	16	static
main.c:554:6:Error_Handler	4	static
